// Jest Snapshot v1, https://goo.gl/fbAQLP

exports[`MessageList  should render Message Item correctly 1`] = `
<div>
  <h1>
    LOADED
  </h1>
  <ul>
    <MessageItem
      avatar="http://dummyimage.com/100x100.jpg/5fa2dd/ffffff"
      chatMessage="Quisque erat eros, viverra eget, congue eget, semper rutrum, nulla."
      email="arosec@bbb.org"
      key="cd445e6d-e514-424f-ba8f-16ec842002c6"
      timestamp="2017-02-09T04:27:38Z"
    />
  </ul>
</div>
`;
